[round 1]
  ok   regular r1
  ok   mini_s1 r1
  ok   sap_s1 r1
  ok   gpu_s1 r1
  ok   mini_s2 r1
  ok   sap_s2 r1
  ok   gpu_s2 r1
  ok   mini_s3 r1
  ok   sap_s3 r1
  ok   gpu_s3 r1
  ok   mini_s4 r1
  ok   sap_s4 r1
  ok   gpu_s4 r1
  ok   mini_s5 r1
  ok   sap_s5 r1
  ok   gpu_s5 r1
  ok   mini_s6 r1
  ok   sap_s6 r1
  ok   gpu_s6 r1
[round 2]
  ok   regular r2
  ok   mini_s1 r2
  ok   sap_s1 r2
  ok   gpu_s1 r2
  ok   mini_s2 r2
  ok   sap_s2 r2
  ok   gpu_s2 r2
  ok   mini_s3 r2
  ok   sap_s3 r2
  ok   gpu_s3 r2
  ok   mini_s4 r2
  ok   sap_s4 r2
  ok   gpu_s4 r2
  ok   mini_s5 r2
  ok   sap_s5 r2
  ok   gpu_s5 r2
  ok   mini_s6 r2
  ok   sap_s6 r2
  ok   gpu_s6 r2
[round 3]
  ok   regular r3
  ok   mini_s1 r3
  ok   sap_s1 r3
  ok   gpu_s1 r3
  ok   mini_s2 r3
  ok   sap_s2 r3
  ok   gpu_s2 r3
  ok   mini_s3 r3
  ok   sap_s3 r3
  ok   gpu_s3 r3
  ok   mini_s4 r3
  ok   sap_s4 r3
  ok   gpu_s4 r3
  ok   mini_s5 r3
  ok   sap_s5 r3
  ok   gpu_s5 r3
  ok   mini_s6 r3
  ok   sap_s6 r3
  ok   gpu_s6 r3
[round 4]
  ok   regular r4
  ok   mini_s1 r4
  ok   sap_s1 r4
  ok   gpu_s1 r4
  ok   mini_s2 r4
  ok   sap_s2 r4
  ok   gpu_s2 r4
  ok   mini_s3 r4
  ok   sap_s3 r4
  ok   gpu_s3 r4
  ok   mini_s4 r4
  ok   sap_s4 r4
  ok   gpu_s4 r4
  ok   mini_s5 r4
  ok   sap_s5 r4
  ok   gpu_s5 r4
  ok   mini_s6 r4
  ok   sap_s6 r4
  ok   gpu_s6 r4
[round 5]
  ok   regular r5
  ok   mini_s1 r5
  ok   sap_s1 r5
  ok   gpu_s1 r5
  ok   mini_s2 r5
  ok   sap_s2 r5
  ok   gpu_s2 r5
  ok   mini_s3 r5
  ok   sap_s3 r5
  ok   gpu_s3 r5
  ok   mini_s4 r5
  ok   sap_s4 r5
  ok   gpu_s4 r5
  ok   mini_s5 r5
  ok   sap_s5 r5
  ok   gpu_s5 r5
  ok   mini_s6 r5
  ok   sap_s6 r5
  ok   gpu_s6 r5
[round 6]
  ok   regular r6
  ok   mini_s1 r6
  ok   sap_s1 r6
  ok   gpu_s1 r6
  ok   mini_s2 r6
  ok   sap_s2 r6
  ok   gpu_s2 r6
  ok   mini_s3 r6
  ok   sap_s3 r6
  ok   gpu_s3 r6
  ok   mini_s4 r6
  ok   sap_s4 r6
  ok   gpu_s4 r6
  ok   mini_s5 r6
  ok   sap_s5 r6
  ok   gpu_s5 r6
  ok   mini_s6 r6
  ok   sap_s6 r6
  ok   gpu_s6 r6
[round 7]
  ok   regular r7
  ok   mini_s1 r7
  ok   sap_s1 r7
  ok   gpu_s1 r7
  ok   mini_s2 r7
  ok   sap_s2 r7
  ok   gpu_s2 r7
  ok   mini_s3 r7
  ok   sap_s3 r7
  ok   gpu_s3 r7
  ok   mini_s4 r7
  ok   sap_s4 r7
  ok   gpu_s4 r7
  ok   mini_s5 r7
  ok   sap_s5 r7
  ok   gpu_s5 r7
  ok   mini_s6 r7
  ok   sap_s6 r7
  ok   gpu_s6 r7
[round 8]
  ok   regular r8
  ok   mini_s1 r8
  ok   sap_s1 r8
  ok   gpu_s1 r8
  ok   mini_s2 r8
  ok   sap_s2 r8
  ok   gpu_s2 r8
  ok   mini_s3 r8
  ok   sap_s3 r8
  ok   gpu_s3 r8
  ok   mini_s4 r8
  ok   sap_s4 r8
  ok   gpu_s4 r8
  ok   mini_s5 r8
  ok   sap_s5 r8
  ok   gpu_s5 r8
  ok   mini_s6 r8
  ok   sap_s6 r8
  ok   gpu_s6 r8
DONE
